     1                     ;============================================================
     2                     ;	Project:		SD028_ASM_TEMP
     3                     ;	FILE:			SD028_ASM_TEMP.asm
     4                     ;  	Target:  		SD028
     5                     ;	Author:			Arthur (Lu Hungche)
     6                     ;	Date:			2020/03/11
     7                     ;------------------------------------------------------------
     8                     ;	Description:	For SD028 Template
     9                     ;
    10                     ;------------------------------------------------------------
    11                     ; History:
    12                     ; Ver  | dd-mmm-yyyy |  Who  | Description of changes
    13                     ; =====|=============|=======|===============================
    14                     ;  0.1 | 11 Mat 2020 |Arthur | Original Release.
    15                     ; -----|-------------|-------|-------------------------------
    16                     ;  0.2 |
    17                     ; -----|-------------|-------|-------------------------------
    18                     ;============================================================
    19                     
    20                     ;==================== Project Include ====================
    21                     Include	"SD062.INC"
     1            C        /****************************************************************************
     2            C         *  Title:       SD062 include file                                        *
     3            C         *  Target MCU:  SD062                                                     *
     4            C         *  Description: Register/bit definitions                                   *
     5            C         *  Company:     ELAN LTD.                            *
     6            C         *  Date:        2019-2-21                                                  *
     7            C         *  Version:     v1.0                                                       *
     8            C         ****************************************************************************/
     9            C        ;======================================================;
    10            C        ; Operational Registers Define                         ;
    11            C        ;======================================================;
    12       0000 C        BIT0    ==  0
    13       0001 C        BIT1    ==  1
    14       0002 C        BIT2    ==  2
    15       0003 C        BIT3    ==  3
    16       0004 C        BIT4    ==  4
    17       0005 C        BIT5    ==  5
    18       0006 C        BIT6    ==  6
    19       0007 C        BIT7    ==  7
    20            C        ;======================================================;
    21            C        ; Registers R0~R4                                      ;
    22            C        ;======================================================;
    23            C        ;The general purpose registers
    24            C        ; R0/IAR: Indirect Address Register
    25       2000 C        R0          ==  0X00:rpage 0
    25 00000 0010 C        R0          ==  0X00:rpage 0
    26       2000 C        IAR         ==  0x00:rpage 0
    26 00000 0010 C        IAR         ==  0x00:rpage 0
    27            C        ;R1/ BSR: Bank Selection Control Register
    28       2001 C        R1          ==  0x01:rpage 0
    28 00000 0010 C        R1          ==  0x01:rpage 0
    29       2001 C        BSR         ==  0X01:rpage 0
    29 00000 0010 C        BSR         ==  0X01:rpage 0
    30       2001 C                SBS1  ==  BSR.5
    30 00000 0540 C                SBS1  ==  BSR.5
    31       2001 C                SBS0  ==  BSR.4
    31 00000 0440 C                SBS0  ==  BSR.4
    32       2001 C                GBS0  ==  BSR.0
    32 00000 0040 C                GBS0  ==  BSR.0
    33            C        ; R2/PC: Program Counter & Stack
    34       2002 C        R2          ==  0X02:rpage 0       ; Program Counter.
    34 00000 0010 C        R2          ==  0X02:rpage 0       ; Program Counter.
    35       2002 C        PCL         ==  0X02:rpage 0       ;
    35 00000 0010 C        PCL         ==  0X02:rpage 0       ;
    36            C        
    37            C        ;R3/SW:Status Register
    38       2003 C        R3          ==  0X03:rpage 0
    38 00000 0010 C        R3          ==  0X03:rpage 0
    39       2003 C        STATUS      ==  0X03:rpage 0
    39 00000 0010 C        STATUS      ==  0X03:rpage 0
    40       2003 C        SR          ==  0X03:rpage 0
    40 00000 0010 C        SR          ==  0X03:rpage 0
    41       2003 C                INT_        == SR.7
    41 00000 0740 C                INT_        == SR.7
    42       2003 C                N           == SR.6
    42 00000 0640 C                N           == SR.6
    43       2003 C                OV          == SR.5
    43 00000 0540 C                OV          == SR.5
    44       2003 C                T           == SR.4
    44 00000 0440 C                T           == SR.4
    45       2003 C                P           == SR.3
    45 00000 0340 C                P           == SR.3
    46       2003 C                Z           == SR.2
    46 00000 0240 C                Z           == SR.2
    47       2003 C                DC          == SR.1
    47 00000 0140 C                DC          == SR.1
    48       2003 C                C           == SR.0
    48 00000 0040 C                C           == SR.0
    49            C        ;R4/ RSR:RAM Select Register
    50       2004 C        R4          ==  0X04:rpage 0
    50 00000 0010 C        R4          ==  0X04:rpage 0
    51       2004 C        RSR         ==  0X04:rpage 0       ; File Select Register.
    51 00000 0010 C        RSR         ==  0X04:rpage 0       ; File Select Register.
    52            C        ;======================================================
    53            C        ;      BANK 0
    54            C        ;Registers R5~R4F
    55            C        ;======================================================
    56       2005 C        PORT5       ==  0X05:rpage 0        ; I/O Port Address
    56 00000 0010 C        PORT5       ==  0X05:rpage 0        ; I/O Port Address
    57       2005 C        P5       ==  0X05:rpage 0        ; I/O Port Address
    57 00000 0010 C        P5       ==  0X05:rpage 0        ; I/O Port Address
    58       2005 C                P50         ==  PORT5.0
    58 00000 0040 C                P50         ==  PORT5.0
    59       2005 C                P51         ==  PORT5.1
    59 00000 0140 C                P51         ==  PORT5.1
    60       2005 C                P52         ==  PORT5.2
    60 00000 0240 C                P52         ==  PORT5.2
    61       2005 C                P53         ==  PORT5.3
    61 00000 0340 C                P53         ==  PORT5.3
    62       2005 C                P54         ==  PORT5.4
    62 00000 0440 C                P54         ==  PORT5.4
    63       2005 C                P55         ==  PORT5.5
    63 00000 0540 C                P55         ==  PORT5.5
    64       2005 C                P56         ==  PORT5.6
    64 00000 0640 C                P56         ==  PORT5.6
    65       2005 C                P57         ==  PORT5.7
    65 00000 0740 C                P57         ==  PORT5.7
    66       2006 C        PORT6       ==  0X06:rpage 0        ; I/O Port Address
    66 00000 0010 C        PORT6       ==  0X06:rpage 0        ; I/O Port Address
    67       2006 C        P6       ==  0X06:rpage 0        ; I/O Port Address
    67 00000 0010 C        P6       ==  0X06:rpage 0        ; I/O Port Address
    68       2006 C                P60         ==  PORT6.0
    68 00000 0040 C                P60         ==  PORT6.0
    69       2006 C                P61         ==  PORT6.1
    69 00000 0140 C                P61         ==  PORT6.1
    70       2006 C                P62         ==  PORT6.2
    70 00000 0240 C                P62         ==  PORT6.2
    71            C                
    72       200B C        IOCR5       ==  0X0B:rpage 0        ; IO PORT 5 Control Register
    72 00000 0010 C        IOCR5       ==  0X0B:rpage 0        ; IO PORT 5 Control Register
    73       200C C        IOCR6       ==  0X0C:rpage 0        ; IO PORT 6 Control Register
    73 00000 0010 C        IOCR6       ==  0X0C:rpage 0        ; IO PORT 6 Control Register
    74            C        ;RE/OMCR :OMCR:Operating Mode Control Register
    75       200E C        OMCR        ==  0X0E:rpage 0
    75 00000 0010 C        OMCR        ==  0X0E:rpage 0
    76       200E C                CPUS        ==  OMCR.7
    76 00000 0740 C                CPUS        ==  OMCR.7
    77       200E C                IDLE        ==  OMCR.6
    77 00000 0640 C                IDLE        ==  OMCR.6
    78       200E C                PERCS       ==  OMCR.5
    78 00000 0540 C                PERCS       ==  OMCR.5
    79       200E C                IIPS        ==  OMCR.4
    79 00000 0440 C                IIPS        ==  OMCR.4
    80       200E C                FMSF        ==  OMCR.3
    80 00000 0340 C                FMSF        ==  OMCR.3
    81       200E C                RCM2		==  OMCR.2
    81 00000 0240 C                RCM2		==  OMCR.2
    82       200E C        		RCM1        ==  OMCR.1
    82 00000 0140 C        		RCM1        ==  OMCR.1
    83       200E C                RCM0        ==  OMCR.0
    83 00000 0040 C                RCM0        ==  OMCR.0
    84            C        ;RF/EIESCR :External Interrupt Edge Select Control Register
    85       200F C        EIESCR      ==  0X0F:rpage 0
    85 00000 0010 C        EIESCR      ==  0X0F:rpage 0
    86       200F C                EIES11 == EIESCR.3
    86 00000 0340 C                EIES11 == EIESCR.3
    87       200F C        		EIES10 == EIESCR.2
    87 00000 0240 C        		EIES10 == EIESCR.2
    88       200F C        		EIES01 == EIESCR.1
    88 00000 0140 C        		EIES01 == EIESCR.1
    89       200F C        		EIES00 == EIESCR.0
    89 00000 0040 C        		EIES00 == EIESCR.0
    90            C        ;R10/WUCR1 :Wake-up Control Register1
    91       2010 C        WUCR1       ==  0X10:rpage 0
    91 00000 0010 C        WUCR1       ==  0X10:rpage 0
    92       2010 C                CMP2WK	== WUCR1.7
    92 00000 0740 C                CMP2WK	== WUCR1.7
    93       2010 C        		CMP1WK	== WUCR1.6
    93 00000 0640 C        		CMP1WK	== WUCR1.6
    94       2010 C        		ADWK        ==  WUCR1.4
    94 00000 0440 C        		ADWK        ==  WUCR1.4
    95       2010 C                INT1WK      ==  WUCR1.3
    95 00000 0340 C                INT1WK      ==  WUCR1.3
    96       2010 C                INT0WK      ==  WUCR1.2
    96 00000 0240 C                INT0WK      ==  WUCR1.2
    97            C        ;R11/WUCR2 :Wake-up Control Register2
    98       2011 C        WUCR2       ==  0X11:rpage 0
    98 00000 0010 C        WUCR2       ==  0X11:rpage 0
    99       2011 C                CMP3WK	== WUCR2.6
    99 00000 0640 C                CMP3WK	== WUCR2.6
   100            C        ;R12/WUCR3 :Wake-up Control Register3
   101       2012 C        WUCR3       ==  0X12:rpage 0
   101 00000 0010 C        WUCR3       ==  0X12:rpage 0
   102       2012 C                ICWKP6      ==  WUCR3.5
   102 00000 0540 C                ICWKP6      ==  WUCR3.5
   103       2012 C                ICWKP5      ==  WUCR3.4
   103 00000 0440 C                ICWKP5      ==  WUCR3.4
   104            C        ;R13/SYSCON :
   105       2013 C        SYSCON      ==  0X13:rpage 0
   105 00000 0010 C        SYSCON      ==  0X13:rpage 0
   106       2013 C                LDOI        ==  SYSCON.7
   106 00000 0740 C                LDOI        ==  SYSCON.7
   107            C        ;R14/SFR1 :Status Flag Register 1
   108       2014 C        SFR1        ==  0X14:rpage 0
   108 00000 0010 C        SFR1        ==  0X14:rpage 0
   109       2014 C                CMP2SF == SFR1.7
   109 00000 0740 C                CMP2SF == SFR1.7
   110       2014 C        		CMP1SF == SFR1.6
   110 00000 0640 C        		CMP1SF == SFR1.6
   111       2014 C        		ADSF        ==  SFR1.4
   111 00000 0440 C        		ADSF        ==  SFR1.4
   112       2014 C                EXSF1       ==  SFR1.3
   112 00000 0340 C                EXSF1       ==  SFR1.3
   113       2014 C                EXSF0       ==  SFR1.2
   113 00000 0240 C                EXSF0       ==  SFR1.2
   114            C        ;R15/SFR2 :Status Flag Register2
   115       2015 C        SFR2        ==  0X15:rpage 0
   115 00000 0010 C        SFR2        ==  0X15:rpage 0
   116       2015 C        	CMP3SF == SFR2.6
   116 00000 0640 C        	CMP3SF == SFR2.6
   117            C        ;R16/SFR3 :Status Flag Register3
   118       2016 C        SFR3 == 0X16:rpage 0
   118 00000 0010 C        SFR3 == 0X16:rpage 0
   119       2016 C        	PWMCPSF == SFR3.5
   119 00000 0540 C        	PWMCPSF == SFR3.5
   120       2016 C        	PWMCDSF == SFR3.4
   120 00000 0440 C        	PWMCDSF == SFR3.4
   121       2016 C        	PWMBPSF == SFR3.3
   121 00000 0340 C        	PWMBPSF == SFR3.3
   122       2016 C        	PWMBDSF == SFR3.2
   122 00000 0240 C        	PWMBDSF == SFR3.2
   123       2016 C        	PWMAPSF == SFR3.1
   123 00000 0140 C        	PWMAPSF == SFR3.1
   124       2016 C        	PWMADSF == SFR3.0
   124 00000 0040 C        	PWMADSF == SFR3.0
   125            C        ;R17/SFR4 :Status Flag Register4
   126       2017 C        SFR4        ==  0X17:rpage 0
   126 00000 0010 C        SFR4        ==  0X17:rpage 0
   127       2017 C                P6ICSF      ==  SFR4.5
   127 00000 0540 C                P6ICSF      ==  SFR4.5
   128       2017 C                P5ICSF      ==  SFR4.4
   128 00000 0440 C                P5ICSF      ==  SFR4.4
   129            C        ;R19/SFR6 :Status Flag Register6
   130       2019 C        SFR6        ==  0X19:rpage 0
   130 00000 0010 C        SFR6        ==  0X19:rpage 0
   131       2019 C                SHSF        ==  SFR6.7
   131 00000 0740 C                SHSF        ==  SFR6.7
   132            C        ;R1A/SFR7 :Status Flag Register7
   133       201A C        SFR7        ==  0X1A:rpage 0
   133 00000 0010 C        SFR7        ==  0X1A:rpage 0
   134       201A C                AFPWMSF     ==  SFR7.7
   134 00000 0740 C                AFPWMSF     ==  SFR7.7
   135       201A C                TXDSF       ==  SFR7.6
   135 00000 0640 C                TXDSF       ==  SFR7.6
   136       201A C                TXCSF       ==  SFR7.5
   136 00000 0540 C                TXCSF       ==  SFR7.5
   137       201A C                TM2DASF     ==  SFR7.4
   137 00000 0440 C                TM2DASF     ==  SFR7.4
   138       201A C                TM1DASF     ==  SFR7.3
   138 00000 0340 C                TM1DASF     ==  SFR7.3
   139       201A C                TM1OFSF     ==  SFR7.2
   139 00000 0240 C                TM1OFSF     ==  SFR7.2
   140       201A C                TM2DBSF     ==  SFR7.1
   140 00000 0140 C                TM2DBSF     ==  SFR7.1
   141       201A C                TM1DBSF     ==  SFR7.0
   141 00000 0040 C                TM1DBSF     ==  SFR7.0
   142            C        ;R1B/IMR1 :Interrupt Mask Register 1
   143       201B C        IMR1        ==  0X1B:rpage 0
   143 00000 0010 C        IMR1        ==  0X1B:rpage 0
   144       201B C                CMP2IE == IMR1.7
   144 00000 0740 C                CMP2IE == IMR1.7
   145       201B C        		CMP1IE == IMR1.6
   145 00000 0640 C        		CMP1IE == IMR1.6
   146       201B C        		ADIE        ==  IMR1.4
   146 00000 0440 C        		ADIE        ==  IMR1.4
   147       201B C                EXIE1       ==  IMR1.3
   147 00000 0340 C                EXIE1       ==  IMR1.3
   148       201B C                EXIE0       ==  IMR1.2
   148 00000 0240 C                EXIE0       ==  IMR1.2
   149            C        ;RF/IMR2 :Interrupt Mask Register 2
   150       201C C        IMR2        ==  0X1C:rpage 0
   150 00000 0010 C        IMR2        ==  0X1C:rpage 0
   151       201C C                CMP3IE == IMR2.6
   151 00000 0640 C                CMP3IE == IMR2.6
   152            C        ;R1D/IMR3 :Interrupt Mask Register 3
   153       201D C        IMR3 == 0X1D:rpage 0
   153 00000 0010 C        IMR3 == 0X1D:rpage 0
   154       201D C        	PWMCPIE == IMR3.5
   154 00000 0540 C        	PWMCPIE == IMR3.5
   155       201D C        	PWMCDIE == IMR3.4
   155 00000 0440 C        	PWMCDIE == IMR3.4
   156       201D C        	PWMBPIE == IMR3.3
   156 00000 0340 C        	PWMBPIE == IMR3.3
   157       201D C        	PWMBDIE == IMR3.2
   157 00000 0240 C        	PWMBDIE == IMR3.2
   158       201D C        	PWMAPIE == IMR3.1
   158 00000 0140 C        	PWMAPIE == IMR3.1
   159       201D C        	PWMADIE == IMR3.0
   159 00000 0040 C        	PWMADIE == IMR3.0
   160            C        ;R1E/IMR4 :Interrupt Mask Register 4
   161       201E C        IMR4        ==  0X1E:rpage 0
   161 00000 0010 C        IMR4        ==  0X1E:rpage 0
   162       201E C                P6ICIE      ==  IMR4.5
   162 00000 0540 C                P6ICIE      ==  IMR4.5
   163       201E C                P5ICIE      ==  IMR4.4
   163 00000 0440 C                P5ICIE      ==  IMR4.4
   164            C        ;R20/IMR6 :Interrupt Mask Register 6
   165       2020 C        IMR6        ==  0X20:rpage 0
   165 00000 0010 C        IMR6        ==  0X20:rpage 0
   166       2020 C                SHIE        ==  IMR6.7
   166 00000 0740 C                SHIE        ==  IMR6.7
   167       2020 C                AFPWMIE     ==  IMR6.3
   167 00000 0340 C                AFPWMIE     ==  IMR6.3
   168       2020 C                TXTMIE      ==  IMR6.2
   168 00000 0240 C                TXTMIE      ==  IMR6.2
   169       2020 C                TM2IE       ==  IMR6.1
   169 00000 0140 C                TM2IE       ==  IMR6.1
   170       2020 C                TM1IE       ==  IMR6.0
   170 00000 0040 C                TM1IE       ==  IMR6.0
   171            C        ;R21/WDTCR :Watch Dog Timer Control Register
   172       2021 C        WDTCR       ==  0X21:rpage 0
   172 00000 0010 C        WDTCR       ==  0X21:rpage 0
   173       2021 C                WDTE        ==  WDTCR.7
   173 00000 0740 C                WDTE        ==  WDTCR.7
   174       2021 C                FSSF        ==  WDTCR.6
   174 00000 0640 C                FSSF        ==  WDTCR.6
   175       2021 C                PSWE        ==  WDTCR.3
   175 00000 0340 C                PSWE        ==  WDTCR.3
   176       2021 C                WPSR2       ==  WDTCR.2
   176 00000 0240 C                WPSR2       ==  WDTCR.2
   177       2021 C                WPSR1       ==  WDTCR.1
   177 00000 0140 C                WPSR1       ==  WDTCR.1
   178       2021 C                WPSR0       ==  WDTCR.0
   178 00000 0040 C                WPSR0       ==  WDTCR.0
   179            C        ;R3E/ADCR1 :ADC Control Register1
   180       203E C        ADCR1       ==  0X3E:rpage 0
   180 00000 0010 C        ADCR1       ==  0X3E:rpage 0
   181       203E C                CKR1        ==  ADCR1.6
   181 00000 0640 C                CKR1        ==  ADCR1.6
   182       203E C                CKR0        ==  ADCR1.5
   182 00000 0540 C                CKR0        ==  ADCR1.5
   183       203E C                ADRUN       ==  ADCR1.4
   183 00000 0440 C                ADRUN       ==  ADCR1.4
   184       203E C                ADP         ==  ADCR1.3
   184 00000 0340 C                ADP         ==  ADCR1.3
   185       203E C                ADOM        ==  ADCR1.2
   185 00000 0240 C                ADOM        ==  ADCR1.2
   186       203E C                SHS1        ==  ADCR1.1
   186 00000 0140 C                SHS1        ==  ADCR1.1
   187       203E C                SHS0        ==  ADCR1.0
   187 00000 0040 C                SHS0        ==  ADCR1.0
   188            C        ;R3F/ADCR2 :ADC Control Register2
   189       203F C        ADCR2       ==  0X3F:rpage 0
   189 00000 0010 C        ADCR2       ==  0X3F:rpage 0
   190       203F C                ADLPFEN     ==  ADCR2.7
   190 00000 0740 C                ADLPFEN     ==  ADCR2.7
   191       203F C                ADIM        ==  ADCR2.5
   191 00000 0540 C                ADIM        ==  ADCR2.5
   192       203F C                ADCMS       ==  ADCR2.4
   192 00000 0440 C                ADCMS       ==  ADCR2.4
   193       203F C                VPIS1       ==  ADCR2.3
   193 00000 0340 C                VPIS1       ==  ADCR2.3
   194       203F C                VPIS0       ==  ADCR2.2
   194 00000 0240 C                VPIS0       ==  ADCR2.2
   195            C        ;R40/ADISR :Analog to Digital Converter Input Channel Selection Register
   196       2040 C        ADISR       ==  0X40:rpage 0
   196 00000 0010 C        ADISR       ==  0X40:rpage 0
   197       2040 C                TSLPFEN     ==  ADISR.7
   197 00000 0740 C                TSLPFEN     ==  ADISR.7
   198       2040 C                TSP         ==  ADISR.6
   198 00000 0640 C                TSP         ==  ADISR.6
   199       2040 C                WMA1        ==  ADISR.5
   199 00000 0540 C                WMA1        ==  ADISR.5
   200       2040 C                WMA0        ==  ADISR.4
   200 00000 0440 C                WMA0        ==  ADISR.4
   201       2040 C                ADIS2       ==  ADISR.2
   201 00000 0240 C                ADIS2       ==  ADISR.2
   202       2040 C                ADIS1       ==  ADISR.1
   202 00000 0140 C                ADIS1       ==  ADISR.1
   203       2040 C                ADIS0       ==  ADISR.0
   203 00000 0040 C                ADIS0       ==  ADISR.0
   204            C        ;R41/ADER1 :ADC Input Enable Register
   205       2041 C        ADER1       ==  0X41:rpage 0
   205 00000 0010 C        ADER1       ==  0X41:rpage 0
   206       2041 C                ADE5        ==  ADER1.5
   206 00000 0540 C                ADE5        ==  ADER1.5
   207       2041 C                ADE4        ==  ADER1.4
   207 00000 0440 C                ADE4        ==  ADER1.4
   208       2041 C                ADE3        ==  ADER1.3
   208 00000 0340 C                ADE3        ==  ADER1.3
   209       2041 C                ADE2        ==  ADER1.2
   209 00000 0240 C                ADE2        ==  ADER1.2
   210       2041 C                ADE1        ==  ADER1.1
   210 00000 0140 C                ADE1        ==  ADER1.1
   211       2041 C                ADE0        ==  ADER1.0
   211 00000 0040 C                ADE0        ==  ADER1.0
   212            C        ;R43/ADDL :ADC Low-8 Bits Data Buffer
   213       2043 C        ADDL        ==  0X43:rpage 0
   213 00000 0010 C        ADDL        ==  0X43:rpage 0
   214            C        ;R44/ADDH :ADC High-8 Bits Data Buffer
   215       2044 C        ADDH        ==  0X44:rpage 0
   215 00000 0010 C        ADDH        ==  0X44:rpage 0
   216            C        ;R45/ADCVL :Low Byte of Analog to Digital Converter Comparison
   217       2045 C        ADCVL       ==  0X45:rpage 0
   217 00000 0010 C        ADCVL       ==  0X45:rpage 0
   218            C        ;R46/ADCVH :High Byte of Analog to Digital Converter Comparison
   219       2046 C        ADCVH       ==  0X46:rpage 0
   219 00000 0010 C        ADCVH       ==  0X46:rpage 0
   220            C        ;======================================================
   221            C        ;      BANK 1
   222            C        ;Registers R5~R4F
   223            C        ;======================================================
   224            C        ;R08/P5PHCR :Port5 Pull-high Control Register
   225       2008 C        P5PHCR      ==  0X08:rpage 1
   225 00000 0011 C        P5PHCR      ==  0X08:rpage 1
   226       2008 C                PH57        ==  P5PHCR.7
   226 00000 0741 C                PH57        ==  P5PHCR.7
   227       2008 C                PH56        ==  P5PHCR.6
   227 00000 0641 C                PH56        ==  P5PHCR.6
   228       2008 C                PH55        ==  P5PHCR.6
   228 00000 0641 C                PH55        ==  P5PHCR.6
   229       2008 C                PH54        ==  P5PHCR.4
   229 00000 0441 C                PH54        ==  P5PHCR.4
   230       2008 C                PH53        ==  P5PHCR.3
   230 00000 0341 C                PH53        ==  P5PHCR.3
   231       2008 C                PH52        ==  P5PHCR.2
   231 00000 0241 C                PH52        ==  P5PHCR.2
   232       2008 C                PH51        ==  P5PHCR.1
   232 00000 0141 C                PH51        ==  P5PHCR.1
   233       2008 C                PH50        ==  P5PHCR.0
   233 00000 0041 C                PH50        ==  P5PHCR.0
   234            C        ;R09/P6PHCR :Port6 Pull-high Control Register
   235       2009 C        P6PHCR      ==  0X09:rpage 1
   235 00000 0011 C        P6PHCR      ==  0X09:rpage 1
   236       2009 C                PH62        ==  P6PHCR.2
   236 00000 0241 C                PH62        ==  P6PHCR.2
   237       2009 C                PH61        ==  P6PHCR.1
   237 00000 0141 C                PH61        ==  P6PHCR.1
   238       2009 C                PH60        ==  P6PHCR.0
   238 00000 0041 C                PH60        ==  P6PHCR.0
   239            C        ;R0B/P5PLCR Port 5 Pull-low Control Register
   240       200B C        P5PLCR      ==  0X0B:rpage 1
   240 00000 0011 C        P5PLCR      ==  0X0B:rpage 1
   241       200B C                PL57        ==  P5PLCR.7
   241 00000 0741 C                PL57        ==  P5PLCR.7
   242       200B C                PL56        ==  P5PLCR.6
   242 00000 0641 C                PL56        ==  P5PLCR.6
   243       200B C                PL55        ==  P5PLCR.5
   243 00000 0541 C                PL55        ==  P5PLCR.5
   244       200B C                PL54        ==  P5PLCR.4
   244 00000 0441 C                PL54        ==  P5PLCR.4
   245       200B C                PL53        ==  P5PLCR.3
   245 00000 0341 C                PL53        ==  P5PLCR.3
   246       200B C                PL52        ==  P5PLCR.2
   246 00000 0241 C                PL52        ==  P5PLCR.2
   247       200B C                PL51        ==  P5PLCR.1
   247 00000 0141 C                PL51        ==  P5PLCR.1
   248       200B C                PL50        ==  P5PLCR.0
   248 00000 0041 C                PL50        ==  P5PLCR.0
   249            C        ;R0C/P6PLCR Port 6 Pull-low Control Register
   250       200B C        P6PLCR      ==  0X0B:rpage 1
   250 00000 0011 C        P6PLCR      ==  0X0B:rpage 1
   251       200B C                PL62        ==  P6PLCR.2
   251 00000 0241 C                PL62        ==  P6PLCR.2
   252       200B C                PL61        ==  P6PLCR.1
   252 00000 0141 C                PL61        ==  P6PLCR.1
   253       200B C                PL60        ==  P6PLCR.0
   253 00000 0041 C                PL60        ==  P6PLCR.0
   254            C        ;R0E/P5HDSCR :Port 5 High Drive/Sink Control Register
   255       200E C        P5HDSCR     ==  0X0E:rpage 1
   255 00000 0011 C        P5HDSCR     ==  0X0E:rpage 1
   256       200E C                HDS57       ==  P5HDSCR.7
   256 00000 0741 C                HDS57       ==  P5HDSCR.7
   257       200E C                HDS56       ==  P5HDSCR.6
   257 00000 0641 C                HDS56       ==  P5HDSCR.6
   258       200E C                HDS55       ==  P5HDSCR.5
   258 00000 0541 C                HDS55       ==  P5HDSCR.5
   259       200E C                HDS54       ==  P5HDSCR.4
   259 00000 0441 C                HDS54       ==  P5HDSCR.4
   260       200E C                HDS53       ==  P5HDSCR.3
   260 00000 0341 C                HDS53       ==  P5HDSCR.3
   261       200E C                HDS52       ==  P5HDSCR.2
   261 00000 0241 C                HDS52       ==  P5HDSCR.2
   262       200E C                HDS51       ==  P5HDSCR.1
   262 00000 0141 C                HDS51       ==  P5HDSCR.1
   263       200E C                HDS50       ==  P5HDSCR.0
   263 00000 0041 C                HDS50       ==  P5HDSCR.0
   264            C        ;R0F/P6HDSCR :Port 6 High Drive/Sink Control Register
   265       200E C        P6HDSCR     ==  0X0E:rpage 1
   265 00000 0011 C        P6HDSCR     ==  0X0E:rpage 1
   266       200E C                HDS62       ==  P6HDSCR.2
   266 00000 0241 C                HDS62       ==  P6HDSCR.2
   267       200E C                HDS61       ==  P6HDSCR.1
   267 00000 0141 C                HDS61       ==  P6HDSCR.1
   268       200E C                HDS60       ==  P6HDSCR.0
   268 00000 0041 C                HDS60       ==  P6HDSCR.0
   269            C        ;R16 PWMSCR :PWM Start Control Register
   270       2016 C        PWMSCR == 0X16:rpage 1
   270 00000 0011 C        PWMSCR == 0X16:rpage 1
   271       2016 C        	TBEN == PWMSCR.1
   271 00000 0141 C        	TBEN == PWMSCR.1
   272       2016 C        	TAEN == PWMSCR.0
   272 00000 0041 C        	TAEN == PWMSCR.0
   273            C        ;R17 PWMACR :PWMA Control Register
   274       2017 C        PWMACR == 0X17:rpage 1
   274 00000 0011 C        PWMACR == 0X17:rpage 1
   275       2017 C        	PWMAE == PWMACR.7
   275 00000 0741 C        	PWMAE == PWMACR.7
   276       2017 C        	PWMAA == PWMACR.5
   276 00000 0541 C        	PWMAA == PWMACR.5
   277       2017 C        	PWMAS == PWMACR.3
   277 00000 0341 C        	PWMAS == PWMACR.3
   278       2017 C        	TAP2 == PWMACR.2
   278 00000 0241 C        	TAP2 == PWMACR.2
   279       2017 C        	TAP1 == PWMACR.1
   279 00000 0141 C        	TAP1 == PWMACR.1
   280       2017 C        	TAP0 == PWMACR.0
   280 00000 0041 C        	TAP0 == PWMACR.0
   281            C        ;R18 PRDAL (Low byte of PWMA period)
   282       2018 C        PRDAL == 0X18:rpage 1
   282 00000 0011 C        PRDAL == 0X18:rpage 1
   283            C        ;R19 PRDAH (High byte of PWMA period)
   284       2019 C        PRDAH == 0X19:rpage 1	
   284 00000 0011 C        PRDAH == 0X19:rpage 1	
   285            C        ;R1A DTAL (Low byte of PMWA duty)
   286       201A C        DTAL == 0X1A:rpage 1
   286 00000 0011 C        DTAL == 0X1A:rpage 1
   287            C        ;R1B DTAH (High byte of PMWA duty)
   288       201B C        DTAH == 0X1B:rpage 1
   288 00000 0011 C        DTAH == 0X1B:rpage 1
   289            C        ;R1C TMRAL (Low byte of TimerA)
   290       201C C        TMRAL == 0X1C:rpage 1
   290 00000 0011 C        TMRAL == 0X1C:rpage 1
   291            C        ;R1D TMRAH (High byte of TimerA)
   292       201D C        TMRAH == 0X1D:rpage 1
   292 00000 0011 C        TMRAH == 0X1D:rpage 1
   293            C        ;R1E PWMBCR (PWMB Control Register)
   294       201E C        PWMBCR == 0X1E:rpage 1
   294 00000 0011 C        PWMBCR == 0X1E:rpage 1
   295       201E C        	PWMBE == PWMBCR.7
   295 00000 0741 C        	PWMBE == PWMBCR.7
   296       201E C        	PWMBA == PWMBCR.5
   296 00000 0541 C        	PWMBA == PWMBCR.5
   297       201E C        	PWMBS == PWMBCR.3
   297 00000 0341 C        	PWMBS == PWMBCR.3
   298       201E C        	TBP2 == PWMBCR.2
   298 00000 0241 C        	TBP2 == PWMBCR.2
   299       201E C        	TBP1 == PWMBCR.1
   299 00000 0141 C        	TBP1 == PWMBCR.1
   300       201E C        	TBP0 == PWMBCR.0
   300 00000 0041 C        	TBP0 == PWMBCR.0
   301            C        ;R1F PRDBL (Low byte of PWMB period)
   302       201F C        PRDBL == 0X1F:rpage 1
   302 00000 0011 C        PRDBL == 0X1F:rpage 1
   303            C        ;R20 PRDBH (High byte of PWMB period)
   304       2020 C        PRDBH == 0X20:rpage 1	
   304 00000 0011 C        PRDBH == 0X20:rpage 1	
   305            C        ;R21 DTBL (Low byte of PMWB duty)
   306       2021 C        DTBL == 0X21:rpage 1
   306 00000 0011 C        DTBL == 0X21:rpage 1
   307            C        ;R22 DTBH (High byte of PMWB duty)
   308       2022 C        DTBH == 0X22:rpage 1
   308 00000 0011 C        DTBH == 0X22:rpage 1
   309            C        ;R23 TMRBL (Low byte of TimerB)
   310       2023 C        TMRBL == 0X23:rpage 1
   310 00000 0011 C        TMRBL == 0X23:rpage 1
   311            C        ;R24 TMRBH (High byte of TimerB)
   312       2024 C        TMRBH == 0X24:rpage 1
   312 00000 0011 C        TMRBH == 0X24:rpage 1
   313            C        ;R40/EECR1 :EEPROM Control Register 1
   314       2040 C        EECR1       ==  0X40:rpage 1
   314 00000 0011 C        EECR1       ==  0X40:rpage 1
   315       2040 C                EEPVSF      ==  EECR1.4
   315 00000 0441 C                EEPVSF      ==  EECR1.4
   316       2040 C                EEPV        ==  EECR1.3
   316 00000 0341 C                EEPV        ==  EECR1.3
   317       2040 C                ONRD        ==  EECR1.2
   317 00000 0241 C                ONRD        ==  EECR1.2
   318       2040 C                RD          ==  EECR1.1
   318 00000 0141 C                RD          ==  EECR1.1
   319       2040 C                WR          ==  EECR1.0
   319 00000 0041 C                WR          ==  EECR1.0
   320            C        ;R41/EECR2 :EEPROM Control Register 2
   321       2041 C        EECR2       ==  0X41:rpage 1
   321 00000 0011 C        EECR2       ==  0X41:rpage 1
   322       2041 C                EEWE        ==  EECR2.7
   322 00000 0741 C                EEWE        ==  EECR2.7
   323       2041 C                EEDF        ==  EECR2.6
   323 00000 0641 C                EEDF        ==  EECR2.6
   324       2041 C                EEPC        ==  EECR2.5
   324 00000 0541 C                EEPC        ==  EECR2.5
   325            C        ;R42/EERA :EEPROM Address
   326       2042 C        EERA        ==  0X42:rpage 1
   326 00000 0011 C        EERA        ==  0X42:rpage 1
   327       2042 C        EEAR        ==  0X42:rpage 1
   327 00000 0011 C        EEAR        ==  0X42:rpage 1
   328            C        ;R43/EERD :EEPROM Data
   329       2043 C        EERD        ==  0X43:rpage 1
   329 00000 0011 C        EERD        ==  0X43:rpage 1
   330       2043 C        EEDR        ==  0X43:rpage 1
   330 00000 0011 C        EEDR        ==  0X43:rpage 1
   331            C        ;R44/FLKR :Flash Key Register for Table Write Use
   332       2044 C        FLKR        ==  0X44:rpage 1
   332 00000 0011 C        FLKR        ==  0X44:rpage 1
   333            C        ;R45/TBPTL :Table Point Low Register
   334       2045 C        TBPTL       ==  0X45:rpage 1
   334 00000 0011 C        TBPTL       ==  0X45:rpage 1
   335            C        ;R46/TBPTH :Table Point High Register
   336       2046 C        TBPTH       ==  0X46:rpage 1
   336 00000 0011 C        TBPTH       ==  0X46:rpage 1
   337       2046 C                HLB     ==  TBPTH.7
   337 00000 0741 C                HLB     ==  TBPTH.7
   338       2046 C                RDS     ==  TBPTH.6
   338 00000 0641 C                RDS     ==  TBPTH.6
   339            C        ;R47/STKMON :Stack point
   340       2047 C        STKMON      ==  0X47:rpage 1
   340 00000 0011 C        STKMON      ==  0X47:rpage 1
   341       2047 C                STOV        ==  STKMON.7
   341 00000 0741 C                STOV        ==  STKMON.7
   342       2047 C                STL2        ==  STKMON.2
   342 00000 0241 C                STL2        ==  STKMON.2
   343       2047 C                STL1        ==  STKMON.1
   343 00000 0141 C                STL1        ==  STKMON.1
   344       2047 C                STL0        ==  STKMON.0
   344 00000 0041 C                STL0        ==  STKMON.0
   345            C        ;R48/PCH :Program Counter High
   346       2048 C        PCH         ==  0X48:rpage 1
   346 00000 0011 C        PCH         ==  0X48:rpage 1
   347       204A C        COBS1       ==  0X4A:rpage 1
   347 00000 0011 C        COBS1       ==  0X4A:rpage 1
   348       204A C        		HLFS	== COBS1.7
   348 00000 0741 C        		HLFS	== COBS1.7
   349       204A C        		ENWDT	== COBS1.5
   349 00000 0541 C        		ENWDT	== COBS1.5
   350       204A C        		NRHL	== COBS1.4
   350 00000 0441 C        		NRHL	== COBS1.4
   351       204A C        		NRE		== COBS1.3
   351 00000 0341 C        		NRE		== COBS1.3
   352       204A C        		ADFM	== COBS1.2
   352 00000 0241 C        		ADFM	== COBS1.2
   353       204B C        COBS2       ==  0X4B:rpage 1
   353 00000 0011 C        COBS2       ==  0X4B:rpage 1
   354       204B C        		RT5		== COBS2.5
   354 00000 0541 C        		RT5		== COBS2.5
   355       204B C        		RT4		== COBS2.4
   355 00000 0441 C        		RT4		== COBS2.4
   356       204B C        		RT3		== COBS2.3
   356 00000 0341 C        		RT3		== COBS2.3
   357       204B C        		RT2		== COBS2.2
   357 00000 0241 C        		RT2		== COBS2.2
   358       204B C        		RT1		== COBS2.1
   358 00000 0141 C        		RT1		== COBS2.1
   359       204B C        		RT0		== COBS2.0
   359 00000 0041 C        		RT0		== COBS2.0
   360       204C C        COBS3       ==  0X4C:rpage 1
   360 00000 0011 C        COBS3       ==  0X4C:rpage 1
   361       204C C        		IRT		== COBS3.7
   361 00000 0741 C        		IRT		== COBS3.7
   362       204C C        		TSRT	== COBS3.6
   362 00000 0641 C        		TSRT	== COBS3.6
   363       204C C        		RIRT	== COBS3.5
   363 00000 0541 C        		RIRT	== COBS3.5
   364       204C C        		CT3		== COBS3.3
   364 00000 0341 C        		CT3		== COBS3.3
   365       204C C        		CT2		== COBS3.2
   365 00000 0241 C        		CT2		== COBS3.2
   366       204C C        		CT1		== COBS3.1
   366 00000 0141 C        		CT1		== COBS3.1
   367       204C C        		CT0		== COBS3.0
   367 00000 0041 C        		CT0		== COBS3.0
   368            C        ;R4D/TBWCR :Table Write Control Register
   369       204D C        TBWCR       ==  0X4D:rpage 1
   369 00000 0011 C        TBWCR       ==  0X4D:rpage 1
   370       204D C                IAPVSF     ==  TBWCR.2
   370 00000 0241 C                IAPVSF     ==  TBWCR.2
   371       204D C                IAPV       ==  TBWCR.1
   371 00000 0141 C                IAPV       ==  TBWCR.1
   372       204D C                IAPEN      ==  TBWCR.0
   372 00000 0041 C                IAPEN      ==  TBWCR.0
   373            C        ;R4E/TBWAL :Table Write start Address Low byte
   374       204E C        TBWAL       ==  0X4E:rpage 1
   374 00000 0011 C        TBWAL       ==  0X4E:rpage 1
   375            C        ;R4F/TBWAH :Table Write start Address High byte
   376       204F C        TBWAH       ==  0X4F:rpage 1
   376 00000 0011 C        TBWAH       ==  0X4F:rpage 1
   377            C        
   378            C        ;======================================================
   379            C        ;      BANK 2
   380            C        ;Registers R5~R4F
   381            C        ;======================================================
   382            C        ;R05/TM1CR1 :Timer/Counter 1 Control Register 1
   383       2005 C        TM1CR1      ==  0X05:rpage 2
   383 00000 0012 C        TM1CR1      ==  0X05:rpage 2
   384       2005 C                TM1S        ==  TM1CR1.7
   384 00000 0742 C                TM1S        ==  TM1CR1.7
   385       2005 C                TM1RC       ==  TM1CR1.6
   385 00000 0642 C                TM1RC       ==  TM1CR1.6
   386       2005 C                TM1SS1      ==  TM1CR1.5
   386 00000 0542 C                TM1SS1      ==  TM1CR1.5
   387       2005 C                TM1RX1      ==  TM1CR1.4
   387 00000 0442 C                TM1RX1      ==  TM1CR1.4
   388       2005 C                TM1FF       ==  TM1CR1.3
   388 00000 0342 C                TM1FF       ==  TM1CR1.3
   389       2005 C                TM1MOS      ==  TM1CR1.2
   389 00000 0242 C                TM1MOS      ==  TM1CR1.2
   390       2005 C                TM1IS1      ==  TM1CR1.1
   390 00000 0142 C                TM1IS1      ==  TM1CR1.1
   391       2005 C                TM1IS0      ==  TM1CR1.0
   391 00000 0042 C                TM1IS0      ==  TM1CR1.0
   392            C        ;R06/TM1CR2 :Timer/Counter 1 Control Register 2
   393       2006 C        TM1CR2      ==  0X06:rpage 2
   393 00000 0012 C        TM1CR2      ==  0X06:rpage 2
   394       2006 C                TM1M2       ==  TM1CR2.7
   394 00000 0742 C                TM1M2       ==  TM1CR2.7
   395       2006 C                TM1M1       ==  TM1CR2.6
   395 00000 0642 C                TM1M1       ==  TM1CR2.6
   396       2006 C                TM1M0       ==  TM1CR2.5
   396 00000 0542 C                TM1M0       ==  TM1CR2.5
   397       2006 C                TM1SS0      ==  TM1CR2.4
   397 00000 0442 C                TM1SS0      ==  TM1CR2.4
   398       2006 C                TM1CK3      ==  TM1CR2.3
   398 00000 0342 C                TM1CK3      ==  TM1CR2.3
   399       2006 C                TM1CK2      ==  TM1CR2.2
   399 00000 0242 C                TM1CK2      ==  TM1CR2.2
   400       2006 C                TM1CK1      ==  TM1CR2.1
   400 00000 0142 C                TM1CK1      ==  TM1CR2.1
   401       2006 C                TM1CK0      ==  TM1CR2.0
   401 00000 0042 C                TM1CK0      ==  TM1CR2.0
   402            C        ;R07/TM1DBH :Timer/Counter 1 Data Buffer B High Byte
   403       2007 C        TM1DBH      ==  0X07:rpage 2
   403 00000 0012 C        TM1DBH      ==  0X07:rpage 2
   404            C        ;R08/TM1DBL :Timer/Counter 1 Data Buffer B Low Byte
   405       2008 C        TM1DBL      ==  0X08:rpage 2
   405 00000 0012 C        TM1DBL      ==  0X08:rpage 2
   406            C        ;R09/TM1DAH :Timer/Counter 1 Data Buffer A High Byte
   407       2009 C        TM1DAH      ==  0X09:rpage 2
   407 00000 0012 C        TM1DAH      ==  0X09:rpage 2
   408            C        ;R0A/TM1DAL :Timer/Counter 1 Data Buffer A Low Byte
   409       200A C        TM1DAL      ==  0X0A:rpage 2
   409 00000 0012 C        TM1DAL      ==  0X0A:rpage 2
   410            C        ;R0B/TM2CR1 :Timer/Counter 2 Control Register 1
   411       200B C        TM2CR1      ==  0X0B:rpage 2
   411 00000 0012 C        TM2CR1      ==  0X0B:rpage 2
   412       200B C                TM2S        ==  TM2CR1.7
   412 00000 0742 C                TM2S        ==  TM2CR1.7
   413       200B C                TM2RC       ==  TM2CR1.6
   413 00000 0642 C                TM2RC       ==  TM2CR1.6
   414       200B C                TM2SS1      ==  TM2CR1.5
   414 00000 0542 C                TM2SS1      ==  TM2CR1.5
   415       200B C                TM2RX2      ==  TM2CR1.4
   415 00000 0442 C                TM2RX2      ==  TM2CR1.4
   416       200B C                TM2FF       ==  TM2CR1.3
   416 00000 0342 C                TM2FF       ==  TM2CR1.3
   417       200B C                TM2MOS      ==  TM2CR1.2
   417 00000 0242 C                TM2MOS      ==  TM2CR1.2
   418       200B C                TM2IS1      ==  TM2CR1.1
   418 00000 0142 C                TM2IS1      ==  TM2CR1.1
   419       200B C                TM2IS0      ==  TM2CR1.0
   419 00000 0042 C                TM2IS0      ==  TM2CR1.0
   420            C        ;R0C/TM2CR2 :Timer/Counter 2 Control Register 2
   421       200C C        TM2CR2      ==  0X0C:rpage 2
   421 00000 0012 C        TM2CR2      ==  0X0C:rpage 2
   422       200C C                TM2M2       ==  TM2CR2.7
   422 00000 0742 C                TM2M2       ==  TM2CR2.7
   423       200C C                TM2M1       ==  TM2CR2.6
   423 00000 0642 C                TM2M1       ==  TM2CR2.6
   424       200C C                TM2M0       ==  TM2CR2.5
   424 00000 0542 C                TM2M0       ==  TM2CR2.5
   425       200C C                TM2SS0      ==  TM2CR2.4
   425 00000 0442 C                TM2SS0      ==  TM2CR2.4
   426       200C C                TM2CK3      ==  TM2CR2.3
   426 00000 0342 C                TM2CK3      ==  TM2CR2.3
   427       200C C                TM2CK2      ==  TM2CR2.2
   427 00000 0242 C                TM2CK2      ==  TM2CR2.2
   428       200C C                TM2CK1      ==  TM2CR2.1
   428 00000 0142 C                TM2CK1      ==  TM2CR2.1
   429       200C C                TM2CK0      ==  TM2CR2.0
   429 00000 0042 C                TM2CK0      ==  TM2CR2.0
   430            C        ;R0D/TM2DBH :Timer/Counter 2 Data Buffer B High Byte
   431       200D C        TM2DBH      ==  0X0D:rpage 2
   431 00000 0012 C        TM2DBH      ==  0X0D:rpage 2
   432            C        ;R0E/TM2DBL :Timer/Counter 2 Data Buffer B Low Byte
   433       200E C        TM2DBL      ==  0X0E:rpage 2
   433 00000 0012 C        TM2DBL      ==  0X0E:rpage 2
   434            C        ;R0F/TM2DAH :Timer/Counter 2 Data Buffer A High Byte
   435       200F C        TM2DAH      ==  0X0F:rpage 2
   435 00000 0012 C        TM2DAH      ==  0X0F:rpage 2
   436            C        ;R10/TM2DAL :Timer/Counter 2 Data Buffer A Low Byte
   437       2010 C        TM2DAL      ==  0X10:rpage 2
   437 00000 0012 C        TM2DAL      ==  0X10:rpage 2
   438            C        ;R11 RXCR(RX Control Register控制寄存器)
   439       2011 C        RXCR       ==  0X11:rpage 2
   439 00000 0012 C        RXCR       ==  0X11:rpage 2
   440       2011 C                RXIE       ==  RXCR.7
   440 00000 0742 C                RXIE       ==  RXCR.7
   441            C        ;R12 RX1CR1(RX1 Control Register 1控制寄存器1)
   442       2012 C        RX1CR1     ==  0X12:rpage 2
   442 00000 0012 C        RX1CR1     ==  0X12:rpage 2
   443       2012 C                RX1E       ==  RX1CR1.7
   443 00000 0742 C                RX1E       ==  RX1CR1.7
   444       2012 C                RX1HV4       ==  RX1CR1.4
   444 00000 0442 C                RX1HV4       ==  RX1CR1.4
   445       2012 C                RX1HV3       ==  RX1CR1.3
   445 00000 0342 C                RX1HV3       ==  RX1CR1.3
   446       2012 C                RX1HV2       ==  RX1CR1.2
   446 00000 0242 C                RX1HV2       ==  RX1CR1.2
   447       2012 C                RX1HV1       ==  RX1CR1.1
   447 00000 0142 C                RX1HV1       ==  RX1CR1.1
   448       2012 C                RX1HV0       ==  RX1CR1.0
   448 00000 0042 C                RX1HV0       ==  RX1CR1.0
   449            C        ;R13 RX1CR2(RX1 Control Register 2控制寄存器2)
   450       2013 C        RX1CR2     ==  0X13:rpage 2
   450 00000 0012 C        RX1CR2     ==  0X13:rpage 2
   451       2013 C                RX1OPE       ==  RX1CR2.7
   451 00000 0742 C                RX1OPE       ==  RX1CR2.7
   452       2013 C                RX1OUT       ==  RX1CR2.6
   452 00000 0642 C                RX1OUT       ==  RX1CR2.6
   453       2013 C                RX1LV4       ==  RX1CR2.4
   453 00000 0442 C                RX1LV4       ==  RX1CR2.4
   454       2013 C                RX1LV3       ==  RX1CR2.3
   454 00000 0342 C                RX1LV3       ==  RX1CR2.3
   455       2013 C                RX1LV2       ==  RX1CR2.2
   455 00000 0242 C                RX1LV2       ==  RX1CR2.2
   456       2013 C                RX1LV1       ==  RX1CR2.1
   456 00000 0142 C                RX1LV1       ==  RX1CR2.1
   457       2013 C                RX1LV0       ==  RX1CR2.0
   457 00000 0042 C                RX1LV0       ==  RX1CR2.0
   458            C        ;R14 RX2CR1(RX2 Control Register 1控制寄存器1)
   459       2014 C        RX2CR1     ==  0X14:rpage 2
   459 00000 0012 C        RX2CR1     ==  0X14:rpage 2
   460       2014 C                RX2E       ==  RX2CR1.7
   460 00000 0742 C                RX2E       ==  RX2CR1.7
   461       2014 C                RX2HV4       ==  RX2CR1.4
   461 00000 0442 C                RX2HV4       ==  RX2CR1.4
   462       2014 C                RX2HV3       ==  RX2CR1.3
   462 00000 0342 C                RX2HV3       ==  RX2CR1.3
   463       2014 C                RX2HV2       ==  RX2CR1.2
   463 00000 0242 C                RX2HV2       ==  RX2CR1.2
   464       2014 C                RX2HV1       ==  RX2CR1.1
   464 00000 0142 C                RX2HV1       ==  RX2CR1.1
   465       2014 C                RX2HV0       ==  RX2CR1.0
   465 00000 0042 C                RX2HV0       ==  RX2CR1.0
   466            C        ;R15 RX2CR2(RX2 Control Register 2控制寄存器2)
   467       2015 C        RX2CR2     ==  0X15:rpage 2
   467 00000 0012 C        RX2CR2     ==  0X15:rpage 2
   468       2015 C                RX2OPE       ==  RX2CR2.7
   468 00000 0742 C                RX2OPE       ==  RX2CR2.7
   469       2015 C                RX2OUT       ==  RX2CR2.6
   469 00000 0642 C                RX2OUT       ==  RX2CR2.6
   470       2015 C                RX2LV4       ==  RX2CR2.4
   470 00000 0442 C                RX2LV4       ==  RX2CR2.4
   471       2015 C                RX2LV3       ==  RX2CR2.3
   471 00000 0342 C                RX2LV3       ==  RX2CR2.3
   472       2015 C                RX2LV2       ==  RX2CR2.2
   472 00000 0242 C                RX2LV2       ==  RX2CR2.2
   473       2015 C                RX2LV1       ==  RX2CR2.1
   473 00000 0142 C                RX2LV1       ==  RX2CR2.1
   474       2015 C                RX2LV0       ==  RX2CR2.0
   474 00000 0042 C                RX2LV0       ==  RX2CR2.0
   475            C        ;R16 RXDCR(RX Deglitch Control Register控制寄存器)
   476       2016 C        RXDCR       ==  0X16:rpage 2
   476 00000 0012 C        RXDCR       ==  0X16:rpage 2
   477       2016 C                RX1DS       ==  RXDCR.7
   477 00000 0742 C                RX1DS       ==  RXDCR.7
   478       2016 C                RX1DT2      ==  RXDCR.6
   478 00000 0642 C                RX1DT2      ==  RXDCR.6
   479       2016 C                RX1DT1      ==  RXDCR.5
   479 00000 0542 C                RX1DT1      ==  RXDCR.5
   480       2016 C                RX1DT0      ==  RXDCR.4
   480 00000 0442 C                RX1DT0      ==  RXDCR.4
   481       2016 C                RX2DS       ==  RXDCR.3
   481 00000 0342 C                RX2DS       ==  RXDCR.3
   482       2016 C                RX2DT2      ==  RXDCR.2
   482 00000 0242 C                RX2DT2      ==  RXDCR.2
   483       2016 C                RX2DT1      ==  RXDCR.1
   483 00000 0142 C                RX2DT1      ==  RXDCR.1
   484       2016 C                RX2DT0      ==  RXDCR.0
   484 00000 0042 C                RX2DT0      ==  RXDCR.0
   485            C        ;R17 TXSC(TX Sink Current Register寄存器)
   486       2017 C        TXSC       ==  0X17:rpage 2
   486 00000 0012 C        TXSC       ==  0X17:rpage 2
   487       2017 C                TXCS3       ==  TXSC.3
   487 00000 0342 C                TXCS3       ==  TXSC.3
   488       2017 C                TXCS2       ==  TXSC.2
   488 00000 0242 C                TXCS2       ==  TXSC.2
   489       2017 C                TXCS1       ==  TXSC.1
   489 00000 0142 C                TXCS1       ==  TXSC.1
   490       2017 C                TXCS0       ==  TXSC.0
   490 00000 0042 C                TXCS0       ==  TXSC.0
   491            C        ;R18 TXCR1(TX Control Register 1控制寄存器1)
   492       2018 C        TXCR1     ==  0X18:rpage 2
   492 00000 0012 C        TXCR1     ==  0X18:rpage 2
   493       2018 C                TXE         ==  TXCR1.7
   493 00000 0742 C                TXE         ==  TXCR1.7
   494       2018 C                TXTM        ==  TXCR1.5
   494 00000 0542 C                TXTM        ==  TXCR1.5
   495       2018 C                TXSR1       ==  TXCR1.4
   495 00000 0442 C                TXSR1       ==  TXCR1.4
   496       2018 C                TXSR0       ==  TXCR1.3
   496 00000 0342 C                TXSR0       ==  TXCR1.3
   497       2018 C                TXMV2       ==  TXCR1.2
   497 00000 0242 C                TXMV2       ==  TXCR1.2
   498       2018 C                TXMV1       ==  TXCR1.1
   498 00000 0142 C                TXMV1       ==  TXCR1.1
   499       2018 C                TXMV0       ==  TXCR1.0
   499 00000 0042 C                TXMV0       ==  TXCR1.0
   500            C        ;R19 TXCR2(TX Control Register 2控制寄存器2)
   501       2019 C        TXCR2     ==  0X19:rpage 2
   501 00000 0012 C        TXCR2     ==  0X19:rpage 2
   502       2019 C                TXS         ==  TXCR2.7
   502 00000 0742 C                TXS         ==  TXCR2.7
   503       2019 C                TXCLK       ==  TXCR2.6
   503 00000 0642 C                TXCLK       ==  TXCR2.6
   504       2019 C                TXDP2       ==  TXCR2.5
   504 00000 0542 C                TXDP2       ==  TXCR2.5
   505       2019 C                TXDP1       ==  TXCR2.4
   505 00000 0442 C                TXDP1       ==  TXCR2.4
   506       2019 C                TXDP0       ==  TXCR2.3
   506 00000 0342 C                TXDP0       ==  TXCR2.3
   507       2019 C                TXCP2       ==  TXCR2.2
   507 00000 0242 C                TXCP2       ==  TXCR2.2
   508       2019 C                TXCP1       ==  TXCR2.1
   508 00000 0142 C                TXCP1       ==  TXCR2.1
   509       2019 C                TXCP0       ==  TXCR2.0
   509 00000 0042 C                TXCP0       ==  TXCR2.0
   510            C        ;R1A TXDT(TX Delay Timer Register延遲寄存器)
   511       201A C        TXDT       ==  0X1A:rpage 2
   511 00000 0012 C        TXDT       ==  0X1A:rpage 2
   512            C        ;R1B TXCT(TX Sink Current Timer Register使能時間寄存器)
   513       201B C        TXCT       ==  0X1B:rpage 2
   513 00000 0012 C        TXCT       ==  0X1B:rpage 2
   514            C        ;R1C TXRC (TXTM Read Counting)
   515       201C C        TXRC       ==  0X1C:rpage 2
   515 00000 0012 C        TXRC       ==  0X1C:rpage 2
   516            C        ;R1D CMP3&LRR (CMP3&Limiting Resistor Register限流電阻寄存器)
   517       201D C        CMP3LRR    ==  0X1D:rpage 2
   517 00000 0012 C        CMP3LRR    ==  0X1D:rpage 2
   518       201D C                CMP3DS      ==  CMP3LRR.7
   518 00000 0742 C                CMP3DS      ==  CMP3LRR.7
   519       201D C                CMP3DT2     ==  CMP3LRR.6
   519 00000 0642 C                CMP3DT2     ==  CMP3LRR.6
   520       201D C                CMP3DT1     ==  CMP3LRR.5
   520 00000 0542 C                CMP3DT1     ==  CMP3LRR.5
   521       201D C                CMP3DT0     ==  CMP3LRR.4
   521 00000 0442 C                CMP3DT0     ==  CMP3LRR.4
   522       201D C                CL1   	    ==  CMP3LRR.1
   522 00000 0142 C                CL1   	    ==  CMP3LRR.1
   523       201D C                CL0  	    ==  CMP3LRR.0
   523 00000 0042 C                CL0  	    ==  CMP3LRR.0
   524            C        ;R1E DCCR (Discharge Control Register 放電控制寄存器)
   525       201E C        DCCR       ==  0X1E:rpage 2
   525 00000 0012 C        DCCR       ==  0X1E:rpage 2
   526       201E C                CMP3E     ==  DCCR.7
   526 00000 0742 C                CMP3E     ==  DCCR.7
   527       201E C                MCDC      ==  DCCR.6
   527 00000 0642 C                MCDC      ==  DCCR.6
   528       201E C                DCT2      ==  DCCR.4
   528 00000 0442 C                DCT2      ==  DCCR.4
   529       201E C                DCT1      ==  DCCR.3
   529 00000 0342 C                DCT1      ==  DCCR.3
   530       201E C                DCT0      ==  DCCR.2
   530 00000 0242 C                DCT0      ==  DCCR.2
   531       201E C                DCR1      ==  DCCR.1
   531 00000 0142 C                DCR1      ==  DCCR.1
   532       201E C                DCR0      ==  DCCR.0
   532 00000 0042 C                DCR0      ==  DCCR.0
   533            C        ;R1F DCVS (Discharge Voltage select Register 放電電壓選擇寄存器)
   534       201F C        DCVS       ==  0X1F:rpage 2
   534 00000 0012 C        DCVS       ==  0X1F:rpage 2
   535       201F C                CMP3OPE   ==  DCVS.7
   535 00000 0742 C                CMP3OPE   ==  DCVS.7
   536       201F C                CMP3OUT   ==  DCVS.6
   536 00000 0642 C                CMP3OUT   ==  DCVS.6
   537       201F C                DCP       ==  DCVS.3
   537 00000 0342 C                DCP       ==  DCVS.3
   538       201F C                DCV2      ==  DCVS.2
   538 00000 0242 C                DCV2      ==  DCVS.2
   539       201F C                DCV1      ==  DCVS.1
   539 00000 0142 C                DCV1      ==  DCVS.1
   540       201F C                DCV0      ==  DCVS.0
   540 00000 0042 C                DCV0      ==  DCVS.0
   541            C        ;R20 PWMCCR (PWMC Control Register)
   542       2020 C        PWMCCR == 0X20:rpage 2
   542 00000 0012 C        PWMCCR == 0X20:rpage 2
   543       2020 C        	PWMCE == PWMCCR.7
   543 00000 0742 C        	PWMCE == PWMCCR.7
   544       2020 C        	PWMCRC == PWMCCR.6
   544 00000 0642 C        	PWMCRC == PWMCCR.6
   545       2020 C        	PWMCA == PWMCCR.5
   545 00000 0542 C        	PWMCA == PWMCCR.5
   546       2020 C        	TCEN == PWMCCR.4
   546 00000 0442 C        	TCEN == PWMCCR.4
   547       2020 C        	PWMCS == PWMCCR.3
   547 00000 0342 C        	PWMCS == PWMCCR.3
   548       2020 C        	TCP2 == PWMCCR.2
   548 00000 0242 C        	TCP2 == PWMCCR.2
   549       2020 C        	TCP1 == PWMCCR.1
   549 00000 0142 C        	TCP1 == PWMCCR.1
   550       2020 C        	TCP0 == PWMCCR.0
   550 00000 0042 C        	TCP0 == PWMCCR.0
   551       2021 C        PRDCL == 0X21:rpage 2
   551 00000 0012 C        PRDCL == 0X21:rpage 2
   552       2022 C        PRDCH == 0X22:rpage 2	
   552 00000 0012 C        PRDCH == 0X22:rpage 2	
   553       2023 C        DTCL == 0X23:rpage 2
   553 00000 0012 C        DTCL == 0X23:rpage 2
   554       2024 C        DTCH == 0X24:rpage 2
   554 00000 0012 C        DTCH == 0X24:rpage 2
   555       2025 C        TMRCL == 0X25:rpage 2
   555 00000 0012 C        TMRCL == 0X25:rpage 2
   556       2026 C        TMRCH == 0X26:rpage 2		
   556 00000 0012 C        TMRCH == 0X26:rpage 2		
   557       2027 C        AFPWMCCR1== 0X27:rpage 2
   557 00000 0012 C        AFPWMCCR1== 0X27:rpage 2
   558       2027 C        	AFPI2	== AFPWMCCR1.6
   558 00000 0642 C        	AFPI2	== AFPWMCCR1.6
   559       2027 C        	AFPI1	== AFPWMCCR1.5
   559 00000 0542 C        	AFPI1	== AFPWMCCR1.5
   560       2027 C        	AFPI0	== AFPWMCCR1.4
   560 00000 0442 C        	AFPI0	== AFPWMCCR1.4
   561       2027 C        	AFPD2	== AFPWMCCR1.2
   561 00000 0242 C        	AFPD2	== AFPWMCCR1.2
   562       2027 C        	AFPD1	== AFPWMCCR1.1
   562 00000 0142 C        	AFPD1	== AFPWMCCR1.1
   563       2027 C        	AFPD0	== AFPWMCCR1.0
   563 00000 0042 C        	AFPD0	== AFPWMCCR1.0
   564       2028 C        AFPWMCCR2== 0X28:rpage 2
   564 00000 0012 C        AFPWMCCR2== 0X28:rpage 2
   565       2028 C        	AFPM2	== AFPWMCCR2.7
   565 00000 0742 C        	AFPM2	== AFPWMCCR2.7
   566       2028 C        	AFPM1	== AFPWMCCR2.6
   566 00000 0642 C        	AFPM1	== AFPWMCCR2.6
   567       2028 C        	AFPM0	== AFPWMCCR2.5
   567 00000 0542 C        	AFPM0	== AFPWMCCR2.5
   568       2028 C        	AFPSS0	== AFPWMCCR2.4
   568 00000 0442 C        	AFPSS0	== AFPWMCCR2.4
   569       2028 C        	AFPCK3	== AFPWMCCR2.3
   569 00000 0342 C        	AFPCK3	== AFPWMCCR2.3
   570       2028 C        	AFPCK2	== AFPWMCCR2.2
   570 00000 0242 C        	AFPCK2	== AFPWMCCR2.2
   571       2028 C        	AFPCK1	== AFPWMCCR2.1
   571 00000 0142 C        	AFPCK1	== AFPWMCCR2.1
   572       2028 C        	AFPCK0	== AFPWMCCR2.0
   572 00000 0042 C        	AFPCK0	== AFPWMCCR2.0
   573       2029 C        AFDAL== 0X29:rpage 2
   573 00000 0012 C        AFDAL== 0X29:rpage 2
   574       202A C        AFDAH== 0X2A:rpage 2
   574 00000 0012 C        AFDAH== 0X2A:rpage 2
   575       202B C        AFDBL== 0X2B:rpage 2
   575 00000 0012 C        AFDBL== 0X2B:rpage 2
   576       202C C        AFDBH== 0X2C:rpage 2
   576 00000 0012 C        AFDBH== 0X2C:rpage 2
   577       202D C        PRDCL_T == 0X2D:rpage 2
   577 00000 0012 C        PRDCL_T == 0X2D:rpage 2
   578       202E C        PRDCH_T == 0X2E:rpage 2	
   578 00000 0012 C        PRDCH_T == 0X2E:rpage 2	
   579       202F C        DTCL_T == 0X2F:rpage 2
   579 00000 0012 C        DTCL_T == 0X2F:rpage 2
   580       2030 C        DTCH_T == 0X30:rpage 2
   580 00000 0012 C        DTCH_T == 0X30:rpage 2
   581            C        
   582       2040 C        COBS4       ==  0X40:rpage 2
   582 00000 0012 C        COBS4       ==  0X40:rpage 2
   583            C        ;R3E/COBS5 :Code Option Bit Selection Register5
   584       2041 C        COBS5       ==  0X41:rpage 2
   584 00000 0012 C        COBS5       ==  0X41:rpage 2
   585            C        ;R3F/COBS6 :Code Option Bit Selection Register6
   586       2042 C        COBS6       ==  0X42:rpage 2
   586 00000 0012 C        COBS6       ==  0X42:rpage 2
   587            C        ;R40/COBS7 :Code Option Bit Selection Register7
   588       2047 C        LOCKPR       ==  0X47:rpage 2
   588 00000 0012 C        LOCKPR       ==  0X47:rpage 2
   589            C        ;R41/COBS8 :Code Option Bit Selection Register8
   590       2048 C        LOCKCR       ==  0X48:rpage 2
   590 00000 0012 C        LOCKCR       ==  0X48:rpage 2
   591       2048 C        	LOCKEN	== LOCKCR.7
   591 00000 0742 C        	LOCKEN	== LOCKCR.7
    22                     
    23                     ;================ General Purpose Register ===============
    24       0050          	TMP0	== 0x50
    25       0051          	TMP1	== 0x51
    26       0052          	TMP2	== 0x52
    27       0053          	TMP3	== 0x53
    28                     
    29                     ;================ Interrupt Vector Table =================
    30                     	ORG		0x0002
    31 00002 5060          		JMP	_Int_EXINT
    32                     	ORG		0x0004
    33 00004 5064          		JMP	_Int_ICINT
    34                     	ORG		0x000A
    35 0000A 5067          		JMP	_Int_CMP1INT
    36                     	ORG		0x000E
    37 0000E 506C          		JMP	_Int_CMP2INT
    38                     	ORG		0x0010
    39 00010 5071          		JMP	_Int_ADINT
    40                     	ORG		0x0018
    41 00018 5076          		JMP	_Int_CMP3INT
    42                     	ORG		0x002E
    43 0002E 507B          		JMP	_Int_UERRINT
    44                     	ORG		0x0030
    45 00030 5080          		JMP	_Int_URINT
    46                     	ORG		0x0032
    47 00032 5085          		JMP	_Int_UTINT
    48                     	ORG		0x003A
    49 0003A 508A          		JMP	_Int_SHINT
    50                     	ORG		0x003C
    51 0003C 508F          		JMP	_Int_TM1INT
    52                     	ORG		0x003E
    53 0003E 5093          		JMP	_Int_TM2INT
    54                     	ORG		0x0040
    55 00040 5097          		JMP	_Int_TM1OFINT
    56                     	ORG		0x0042
    57 00042 509C          		JMP	_Int_TXTMINT
    58                     	ORG		0x0044
    59 00044 50A0          		JMP	_Int_IGINT
    60 00045 5055          	JMP JMP_FAIL	;0x0046
    61 00046 5055          	JMP JMP_FAIL	;0x0047
    62 00047 5055          	JMP JMP_FAIL	;0x0048
    63 00048 5055          	JMP JMP_FAIL	;0x0049
    64 00049 5055          	JMP JMP_FAIL	;0x004A
    65 0004A 5055          	JMP JMP_FAIL	;0x004B
    66 0004B 5055          	JMP JMP_FAIL	;0x004C
    67 0004C 5055          	JMP JMP_FAIL	;0x004D
    68 0004D 5055          	JMP JMP_FAIL	;0x004E
    69 0004E 5055          	JMP JMP_FAIL	;0x004F
    70                     ;==================== Main Function ======================
    71                     	ORG 	0x0000
    72 00000 5050          	JMP 	MAIN
    73                     
    74                     	ORG		0x0050
    75 00050               MAIN:
    76 00050 4057          	CALL	SYS_INIT
    77 00051 405B          	CALL	GPIO_INIT
    78                     
    79                     
    80                     ;====================== Backgroung =======================
    81 00052               BACK_GROUND_LOOP:
    82 00052 7A00          	SBANK	0
    83 00053 0000          	NOP
    84 00054 5052          	JMP		BACK_GROUND_LOOP
    85                     
    86 00055               JMP_FAIL:
    87 00055 7A00          	SBANK	0
    88 00056 5055          	JMP		JMP_FAIL
    89                     ;================== Jmp Sub Function ==================
    90 00057               	SYS_INIT:	
    91 00057 7A00          		SBANK	0
    92 00058 2F0E          		BS		CPUS
    93 00059 2E0E          		BS		IDLE
    94 0005A 0013          		RETI
    95                     		
    96 0005B               	GPIO_INIT:
    97 0005B 7A00          		SBANK	0
    98 0005C 0305          		CLR		P5
    99 0005D 6000          		MOV		A,@0x00
   100 0005E 010B          		MOV		IOCR5,A
   101 0005F 0013          		RETI	
   102                     
   103                     
   104                     ;============== Interrupt Service Routine ================
   105                     	;================================
   106 00060               	_Int_EXINT:
   107 00060 7A00          		SBANK	0
   108 00061 2214          		BC		EXSF0
   109 00062 2314          		BC		EXSF1
   110 00063 0013          		RETI
   111                     	;================================
   112 00064               	_Int_ICINT:
   113 00064 7A00          		SBANK	0
   114 00065 2417          		BC		P5ICSF
   115 00066 0013          		RETI
   116                     	;================================
   117 00067               	_Int_CMP1INT:
   118 00067 7A00          		SBANK	0
   119 00068 3E14          		JBS 	CMP1SF
   120 00069 5055          		JMP 	JMP_FAIL
   121 0006A 2614          		BC		CMP1SF
   122 0006B 0013          		RETI
   123                     	;================================
   124 0006C               	_Int_CMP2INT:
   125 0006C 7A00          		SBANK	0
   126 0006D 3F14          		JBS 	CMP2SF
   127 0006E 5055          		JMP 	JMP_FAIL
   128 0006F 2714          		BC		CMP2SF
   129 00070 0013          		RETI
   130                     	;================================
   131 00071               	_Int_ADINT:
   132 00071 7A00          		SBANK	0
   133 00072 3C14          		JBS 	ADSF
   134 00073 5055          		JMP 	JMP_FAIL
   135 00074 2414          		BC		ADSF
   136 00075 0013          		RETI
   137                     	;================================
   138 00076               	_Int_CMP3INT:
   139 00076 7A00          		SBANK	0
   140 00077 3E15          		JBS 	CMP3SF
   141 00078 5055          		JMP 	JMP_FAIL
   142 00079 2615          		BC		CMP3SF
   143 0007A 0013          		RETI
   144                     	;================================
   145 0007B               	_Int_UERRINT:
   146 0007B 7A00          		SBANK	0
   147 0007C               		JBS 	UERRSF
***     error A037: The operand value cannot be calculated.
   148 0007D 5055          		JMP 	JMP_FAIL
   149 0007E               		BC		UERRSF
***     error A037: The operand value cannot be calculated.
   150 0007F 0013          		RETI
   151                     	;================================
   152 00080               	_Int_URINT:
   153 00080 7A00          		SBANK	0
   154 00081               		JBS 	URSF
***     error A037: The operand value cannot be calculated.
   155 00082 5055          		JMP 	JMP_FAIL
   156 00083               		BC		URSF
***     error A037: The operand value cannot be calculated.
   157 00084 0013          		RETI
   158                     	;================================
   159 00085               	_Int_UTINT:
   160 00085 7A00          		SBANK	0
   161 00086               		JBS 	UTSF
***     error A037: The operand value cannot be calculated.
   162 00087 5055          		JMP 	JMP_FAIL
   163 00088               		BC		UTSF
***     error A037: The operand value cannot be calculated.
   164 00089 0013          		RETI
   165                     	;================================
   166 0008A               	_Int_SHINT:
   167 0008A 7A00          		SBANK	0
   168 0008B 3F19          		JBS 	SHSF
   169 0008C 5055          		JMP 	JMP_FAIL
   170 0008D 2719          		BC		SHSF
   171 0008E 0013          		RETI
   172                     	;================================
   173 0008F               	_Int_TM1INT:
   174 0008F 7A00          		SBANK	0
   175 00090 231A          		BC		TM1DASF
   176 00091 201A          		BC		TM1DBSF
   177 00092 0013          		RETI
   178                     	;================================
   179 00093               	_Int_TM2INT:
   180 00093 7A00          		SBANK	0
   181 00094 241A          		BC		TM2DASF
   182 00095 211A          		BC		TM2DBSF
   183 00096 0013          		RETI
   184                     	;================================
   185 00097               	_Int_TM1OFINT:
   186 00097 7A00          		SBANK	0
   187 00098 3A1A          		JBS 	TM1OFSF
   188 00099 5055          		JMP 	JMP_FAIL
   189 0009A 221A          		BC		TM1OFSF
   190 0009B 0013          		RETI
   191                     	;================================
   192 0009C               	_Int_TXTMINT:
   193 0009C 7A00          		SBANK	0
   194 0009D 261A          		BC		TXDSF
   195 0009E 251A          		BC		TXCSF
   196 0009F 0013          		RETI
   197                     	;================================
   198 000A0               	_Int_IGINT:
   199 000A0 7A00          		SBANK	0
   200 000A1               		JBS 	IGSF
***     error A037: The operand value cannot be calculated.
   201 000A2 5055          		JMP 	JMP_FAIL
   202 000A3               		BC		IGSF
***     error A037: The operand value cannot be calculated.
   203 000A4 0013          		RETI
   204                     
   205                     
   206                     
   207                     
  8 Error(s), 0 Warning(s), 0 User Message(s)